---
source: apollo-router/src/configuration/mod.rs
assertion_line: 741
expression: config

---
server:
  listen: "1.2.3.4:5"
  cors: ~
subgraphs:
  example:
    layers: []
opentelemetry:
  otlp:
    tracing:
      exporter:
        http: ~
      trace_config: ~
plugins: {}
spaceport: ~

