---
source: apollo-router/src/configuration/mod.rs
assertion_line: 709
expression: config

---
server:
  listen: "1.2.3.4:5"
  cors: ~
subgraphs:
  example:
    layers: []
opentelemetry:
  jaeger:
    endpoint:
      collector: "http://example.org/"
    service_name: bar
    trace_config: ~
plugins: {}
spaceport: ~

