---
source: apollo-router-core/src/query_planner/bridge_query_planner.rs
assertion_line: 131
expression: result
---
QueryPlan {
    usage_reporting: Some(
        UsageReporting {
            stats_report_key: "# -\n{me{name{first last}}}",
            referenced_fields_by_type: {
                "Query": ReferencedFieldsForType {
                    field_names: Some(
                        [
                            "me",
                        ],
                    ),
                    is_interface: Some(
                        false,
                    ),
                },
                "User": ReferencedFieldsForType {
                    field_names: Some(
                        [
                            "name",
                        ],
                    ),
                    is_interface: Some(
                        false,
                    ),
                },
                "Name": ReferencedFieldsForType {
                    field_names: Some(
                        [
                            "first",
                            "last",
                        ],
                    ),
                    is_interface: Some(
                        false,
                    ),
                },
            },
        },
    ),
    root: Fetch(
        FetchNode {
            service_name: "accounts",
            requires: [],
            variable_usages: [],
            operation: "{me{name{first last}}}",
            operation_name: None,
            operation_kind: Query,
        },
    ),
}
