---
source: apollo-router/src/plugins/telemetry/otlp.rs
assertion_line: 235
expression: "std::str::from_utf8(&buffer).unwrap()"
---
---
- foo: bar
- foo: baz
- bar: foo

